---
source: tui/src/chatwidget/tests/provider_picker_tests.rs
assertion_line: 52
expression: "render_bottom_popup(&chat, 80)"
---
      Use x/agent on openrouter?
› As

  GP› 1. Continue this conversation  Fork this chat onto the new provider
      2. Use once                    New chat; config is unchanged
      3. Set as default              New chat; save the pair to config

      enter select · esc back
